// Jest Snapshot v1, https://goo.gl/fbAQLP

exports[`<Header/> Should render component 1`] = `
<header
  className="Header"
>
  <Hamburger />
</header>
`;
